// Vitest Snapshot v1, https://vitest.dev/guide/snapshot.html

exports[`Avatar > should work as expected 1`] = `
<DocumentFragment>
  <div>
    Avatar Initial
  </div>
</DocumentFragment>
`;
